C:\Users\mrankin\OneDrive\NXP_Workspace\MCXA154VFT_ST7789_Sensor_Board\CMSIS/core_cm33.h:2358:22:__NVIC_EnableIRQ	16	static
../drivers/fsl_clock.h:672:20:CLOCK_EnableClock	32	static
../drivers/fsl_clock.h:710:20:CLOCK_DisableClock	32	static
../drivers/fsl_reset.h:240:20:RESET_ReleasePeripheralReset	16	static
../drivers/fsl_common_arm.h:753:24:EnableIRQ	24	static
../drivers/fsl_lpspi.h:533:20:LPSPI_Enable	16	static
../drivers/fsl_lpspi.h:568:24:LPSPI_GetStatusFlags	16	static
../drivers/fsl_lpspi.h:588:23:LPSPI_GetRxFifoSize	16	static
../drivers/fsl_lpspi.h:598:24:LPSPI_GetTxFifoCount	16	static
../drivers/fsl_lpspi.h:608:24:LPSPI_GetRxFifoCount	16	static
../drivers/fsl_lpspi.h:626:20:LPSPI_ClearStatusFlags	16	static
../drivers/fsl_lpspi.h:640:24:LPSPI_GetTcr	32	static
../drivers/fsl_lpspi.h:681:20:LPSPI_EnableInterrupts	16	static
../drivers/fsl_lpspi.h:696:20:LPSPI_DisableInterrupts	16	static
../drivers/fsl_lpspi.h:799:20:LPSPI_SetMasterSlaveMode	16	static
../drivers/fsl_lpspi.h:845:20:LPSPI_IsMaster	16	static
../drivers/fsl_lpspi.h:857:20:LPSPI_FlushFifo	16	static
../drivers/fsl_lpspi.h:906:20:LPSPI_SetFifoWatermarks	24	static
../drivers/fsl_lpspi.h:1044:20:LPSPI_WriteData	16	static
../drivers/fsl_lpspi.h:1058:24:LPSPI_ReadData	16	static
../drivers/fsl_lpspi.c:237:10:LPSPI_GetInstance	24	static
../drivers/fsl_lpspi.c:270:6:LPSPI_SetDummyData	24	static
../drivers/fsl_lpspi.c:283:6:LPSPI_MasterInit	32	static
../drivers/fsl_lpspi.c:365:6:LPSPI_MasterGetDefaultConfig	16	static
../drivers/fsl_lpspi.c:400:6:LPSPI_SlaveInit	24	static
../drivers/fsl_lpspi.c:456:6:LPSPI_SlaveGetDefaultConfig	16	static
../drivers/fsl_lpspi.c:481:6:LPSPI_Reset	16	static
../drivers/fsl_lpspi.c:497:6:LPSPI_Deinit	24	static
../drivers/fsl_lpspi.c:515:13:LPSPI_SetOnePcsPolarity	24	static
../drivers/fsl_lpspi.c:550:10:LPSPI_MasterSetBaudRate	64	static
../drivers/fsl_lpspi.c:663:6:LPSPI_MasterSetDelayScaler	32	static
../drivers/fsl_lpspi.c:729:10:LPSPI_MasterSetDelayTimes	112	static
../drivers/fsl_lpspi.c:781:6:LPSPI_MasterTransferCreateHandle	24	static
../drivers/fsl_lpspi.c:808:6:LPSPI_CheckTransferArgument	40	static
../drivers/fsl_lpspi.c:874:13:LPSPI_MasterTransferWriteAllTxData	64	static
../drivers/fsl_lpspi.c:1020:13:LPSPI_MasterTransferClearTCR	24	static
../drivers/fsl_lpspi.c:1041:13:LPSPI_MasterTransferReadDataInFifo	32	static
../drivers/fsl_lpspi.c:1079:13:LPSPI_MasterTransferReadDataInFifoNoBuf	16	static
../drivers/fsl_lpspi.c:1114:10:LPSPI_MasterTransferBlocking	56	static
../drivers/fsl_lpspi.c:1303:10:LPSPI_MasterTransferNonBlocking	48	static
../drivers/fsl_lpspi.c:1516:13:LPSPI_MasterTransferFillUpTxFifo	40	static
../drivers/fsl_lpspi.c:1584:13:LPSPI_MasterTransferComplete	24	static
../drivers/fsl_lpspi.c:1609:10:LPSPI_MasterTransferGetCount	32	static
../drivers/fsl_lpspi.c:1649:6:LPSPI_MasterTransferAbort	16	static
../drivers/fsl_lpspi.c:1671:6:LPSPI_MasterTransferHandleIRQ	40	static
../drivers/fsl_lpspi.c:1828:6:LPSPI_SlaveTransferCreateHandle	24	static
../drivers/fsl_lpspi.c:1864:10:LPSPI_SlaveTransferNonBlocking	40	static
../drivers/fsl_lpspi.c:2009:13:LPSPI_SlaveTransferFillUpTxFifo	32	static
../drivers/fsl_lpspi.c:2041:13:LPSPI_SlaveTransferComplete	32	static
../drivers/fsl_lpspi.c:2077:10:LPSPI_SlaveTransferGetCount	32	static
../drivers/fsl_lpspi.c:2117:6:LPSPI_SlaveTransferAbort	16	static
../drivers/fsl_lpspi.c:2139:6:LPSPI_SlaveTransferHandleIRQ	32	static
../drivers/fsl_lpspi.c:2265:17:LPSPI_CombineWriteData	24	static
../drivers/fsl_lpspi.c:2355:13:LPSPI_SeparateReadData	24	static
../drivers/fsl_lpspi.c:2447:6:LPSPI_WaitTxFifoEmpty	16	static
../drivers/fsl_lpspi.c:2466:13:LPSPI_CommonIRQHandler	16	static
../drivers/fsl_lpspi.c:2483:6:LPSPI_DriverIRQHandler	16	static
../drivers/fsl_lpspi.c:2497:6:LPSPI0_DriverIRQHandler	8	static
../drivers/fsl_lpspi.c:2506:6:LPSPI1_DriverIRQHandler	8	static
