C:\Users\mrankin\OneDrive\NXP_Workspace\MCXA154VFT_ST7789_Sensor_Board\CMSIS/core_cm33.h:2358:22:__NVIC_EnableIRQ	16	static
../drivers/fsl_clock.h:672:20:CLOCK_EnableClock	32	static
../drivers/fsl_clock.h:710:20:CLOCK_DisableClock	32	static
../drivers/fsl_reset.h:240:20:RESET_ReleasePeripheralReset	16	static
../drivers/fsl_common_arm.h:753:24:EnableIRQ	24	static
../drivers/fsl_common_arm.h:983:24:DisableGlobalIRQ	16	static
../drivers/fsl_common_arm.h:1009:20:EnableGlobalIRQ	24	static
../drivers/fsl_flexcan.h:1622:24:FLEXCAN_GetStatusFlags	80	static
../drivers/fsl_flexcan.h:1671:20:FLEXCAN_ClearStatusFlags	24	static
../drivers/fsl_flexcan.h:1740:24:FLEXCAN_GetMbStatusFlags	48	static
../drivers/fsl_flexcan.h:1785:20:FLEXCAN_ClearMbStatusFlags	24	static
../drivers/fsl_flexcan.h:1892:20:FLEXCAN_EnableInterrupts	40	static
../drivers/fsl_flexcan.h:1960:20:FLEXCAN_DisableInterrupts	40	static
../drivers/fsl_flexcan.h:2025:20:FLEXCAN_EnableMbInterrupts	32	static
../drivers/fsl_flexcan.h:2079:20:FLEXCAN_DisableMbInterrupts	32	static
../drivers/fsl_flexcan.h:2174:24:FLEXCAN_Enable	16	static
../drivers/fsl_flexcan.c:395:13:flexcan_memset	32	static
../drivers/fsl_flexcan.c:424:6:FLEXCAN_IsInstanceHasFDMode	16	static
../drivers/fsl_flexcan.c:472:10:FLEXCAN_GetFDMailboxOffset	24	static
../drivers/fsl_flexcan.c:521:10:FLEXCAN_GetInstance	24	static
../drivers/fsl_flexcan.c:751:10:FLEXCAN_EnterFreezeMode	16	static
../drivers/fsl_flexcan.c:781:10:FLEXCAN_ExitFreezeMode	16	static
../drivers/fsl_flexcan.c:819:13:FLEXCAN_IsMbOccupied	24	static
../drivers/fsl_flexcan.c:897:17:FLEXCAN_Reset	24	static
../drivers/fsl_flexcan.c:1021:10:FLEXCAN_SetBitRate	72	static
../drivers/fsl_flexcan.c:1048:10:FLEXCAN_SetFDBitRate	80	static
../drivers/fsl_flexcan.c:1088:6:FLEXCAN_Init	104	static
../drivers/fsl_flexcan.c:1338:6:FLEXCAN_FDInit	88	static
../drivers/fsl_flexcan.c:1486:6:FLEXCAN_Deinit	24	static
../drivers/fsl_flexcan.c:1533:6:FLEXCAN_GetDefaultConfig	16	static
../drivers/fsl_flexcan.c:1620:6:FLEXCAN_SetPNConfig	24	static
../drivers/fsl_flexcan.c:1666:10:FLEXCAN_ReadPNWakeUpMB	32	static
../drivers/fsl_flexcan.c:1731:6:FLEXCAN_SetTimingConfig	16	static
../drivers/fsl_flexcan.c:1810:6:FLEXCAN_SetFDTimingConfig	16	static
../drivers/fsl_flexcan.c:1857:6:FLEXCAN_SetRxMbGlobalMask	16	static
../drivers/fsl_flexcan.c:1879:6:FLEXCAN_SetRxFifoGlobalMask	16	static
../drivers/fsl_flexcan.c:1905:6:FLEXCAN_SetRxIndividualMask	24	static
../drivers/fsl_flexcan.c:1929:13:FLEXCAN_GetSegments	40	static
../drivers/fsl_flexcan.c:2056:6:FLEXCAN_CalculateImprovedTimingValues	88	static
../drivers/fsl_flexcan.c:2147:13:FLEXCAN_FDGetSegments	48	static
../drivers/fsl_flexcan.c:2248:13:FLEXCAN_CalculateImprovedNominalTimingValues	104	static
../drivers/fsl_flexcan.c:2359:6:FLEXCAN_FDCalculateImprovedTimingValues	48	static
../drivers/fsl_flexcan.c:2462:6:FLEXCAN_SetTxMbConfig	16	static
../drivers/fsl_flexcan.c:2504:6:FLEXCAN_SetRxMbConfig	32	static
../drivers/fsl_flexcan.c:2559:6:FLEXCAN_SetFDTxMbConfig	40	static
../drivers/fsl_flexcan.c:2620:6:FLEXCAN_SetFDRxMbConfig	48	static
../drivers/fsl_flexcan.c:2680:6:FLEXCAN_SetRemoteResponseMbConfig	32	static
../drivers/fsl_flexcan.c:2733:6:FLEXCAN_SetRxFifoConfig	48	static
../drivers/fsl_flexcan.c:2890:6:FLEXCAN_SetEnhancedRxFifoConfig	32	static
../drivers/fsl_flexcan.c:2961:6:FLEXCAN_EnableRxFifoDMA	24	static
../drivers/fsl_flexcan.c:3119:10:FLEXCAN_WriteTxMb	32	static
../drivers/fsl_flexcan.c:3198:10:FLEXCAN_ReadRxMb	48	static
../drivers/fsl_flexcan.c:3324:10:FLEXCAN_WriteFDTxMb	56	static
../drivers/fsl_flexcan.c:3410:10:FLEXCAN_ReadFDRxMb	64	static
../drivers/fsl_flexcan.c:3550:10:FLEXCAN_ReadRxFifo	24	static
../drivers/fsl_flexcan.c:3613:10:FLEXCAN_ReadEnhancedRxFifo	32	static
../drivers/fsl_flexcan.c:3686:10:FLEXCAN_TransferSendBlocking	56	static
../drivers/fsl_flexcan.c:3752:10:FLEXCAN_TransferReceiveBlocking	48	static
../drivers/fsl_flexcan.c:3804:10:FLEXCAN_TransferFDSendBlocking	64	static
../drivers/fsl_flexcan.c:3871:10:FLEXCAN_TransferFDReceiveBlocking	48	static
../drivers/fsl_flexcan.c:3922:10:FLEXCAN_TransferReceiveFifoBlocking	24	static
../drivers/fsl_flexcan.c:3961:10:FLEXCAN_TransferReceiveEnhancedFifoBlocking	32	static
../drivers/fsl_flexcan.c:4001:6:FLEXCAN_TransferCreateHandle	32	static
../drivers/fsl_flexcan.c:4134:10:FLEXCAN_TransferSendNonBlocking	48	static
../drivers/fsl_flexcan.c:4201:10:FLEXCAN_TransferReceiveNonBlocking	48	static
../drivers/fsl_flexcan.c:4257:10:FLEXCAN_TransferFDSendNonBlocking	48	static
../drivers/fsl_flexcan.c:4317:10:FLEXCAN_TransferFDReceiveNonBlocking	48	static
../drivers/fsl_flexcan.c:4375:10:FLEXCAN_TransferRemoteRequestNonBlocking	48	static
../drivers/fsl_flexcan.c:4443:10:FLEXCAN_TransferRemoteResponseNonBlocking	48	static
../drivers/fsl_flexcan.c:4498:10:FLEXCAN_TransferReceiveFifoNonBlocking	48	static
../drivers/fsl_flexcan.c:4551:10:FLEXCAN_TransferReceiveEnhancedFifoNonBlocking	64	static
../drivers/fsl_flexcan.c:4610:10:FLEXCAN_TransferGetReceiveFifoCount	32	static
../drivers/fsl_flexcan.c:4637:6:FLEXCAN_TransferAbortSend	48	static
../drivers/fsl_flexcan.c:4678:6:FLEXCAN_TransferAbortReceive	40	static
../drivers/fsl_flexcan.c:4714:6:FLEXCAN_TransferFDAbortSend	56	static
../drivers/fsl_flexcan.c:4760:6:FLEXCAN_TransferFDAbortReceive	40	static
../drivers/fsl_flexcan.c:4795:6:FLEXCAN_TransferAbortReceiveFifo	16	static
../drivers/fsl_flexcan.c:4826:6:FLEXCAN_TransferAbortReceiveEnhancedFifo	16	static
../drivers/fsl_flexcan.c:4872:10:FLEXCAN_GetTimeStamp	16	static
../drivers/fsl_flexcan.c:4886:13:FLEXCAN_CheckUnhandleInterruptEvents	40	static
../drivers/fsl_flexcan.c:4956:17:FLEXCAN_SubHandlerForEnhancedRxFifo	56	static
../drivers/fsl_flexcan.c:5065:17:FLEXCAN_SubHandlerForLegacyRxFIFO	40	static
../drivers/fsl_flexcan.c:5144:17:FLEXCAN_SubHandlerForMB	32	static
../drivers/fsl_flexcan.c:5232:17:FLEXCAN_SubHandlerForDataTransfered	96	static
../drivers/fsl_flexcan.c:5337:6:FLEXCAN_TransferHandleIRQ	88	static
../drivers/fsl_flexcan.c:5411:6:FLEXCAN_MbHandleIRQ	72	static
../drivers/fsl_flexcan.c:5475:6:FLEXCAN_EnhancedRxFifoHandleIRQ	64	static
../drivers/fsl_flexcan.c:5519:6:FLEXCAN_BusoffErrorHandleIRQ	56	static
../drivers/fsl_flexcan.c:5564:6:FLEXCAN_PNWakeUpHandleIRQ	56	static
../drivers/fsl_flexcan.c:5622:6:FLEXCAN_DriverDataIRQHandler	32	static
../drivers/fsl_flexcan.c:5644:6:FLEXCAN_DriverEventIRQHandler	16	static
../drivers/fsl_flexcan.c:5672:6:FLEXCAN_DriverIRQHandler	16	static
../drivers/fsl_flexcan.c:5682:6:CAN0_DriverIRQHandler	8	static
