C:\Users\mrankin\OneDrive\NXP_Workspace\MCXA154VFT_ST7789_Sensor_Board\CMSIS/core_cm33.h:2358:22:__NVIC_EnableIRQ	16	static
C:\Users\mrankin\OneDrive\NXP_Workspace\MCXA154VFT_ST7789_Sensor_Board\CMSIS/core_cm33.h:2555:22:__NVIC_SetPriority	16	static
C:\Users\mrankin\OneDrive\NXP_Workspace\MCXA154VFT_ST7789_Sensor_Board\CMSIS/core_cm33.h:3108:26:SysTick_Config	16	static
C:\Users\mrankin\OneDrive\NXP_Workspace\MCXA154VFT_ST7789_Sensor_Board\drivers/fsl_common_arm.h:753:24:EnableIRQ	24	static
C:\Users\mrankin\OneDrive\NXP_Workspace\MCXA154VFT_ST7789_Sensor_Board\drivers/fsl_gpio.h:346:20:GPIO_PinWrite	24	static
../source/MCXA154VFT_ST7789_Sensor_Board.c:40:13:FormatFixed1	48	static
../source/MCXA154VFT_ST7789_Sensor_Board.c:62:13:StackPaint	24	static
../source/MCXA154VFT_ST7789_Sensor_Board.c:72:17:RamUsedBytes	24	static
../source/MCXA154VFT_ST7789_Sensor_Board.c:83:17:FlashUsedPct	16	static
../source/MCXA154VFT_ST7789_Sensor_Board.c:95:6:SysTick_Handler	8	static
../source/MCXA154VFT_ST7789_Sensor_Board.c:108:6:GPIO2_IRQHandler	16	static
../source/MCXA154VFT_ST7789_Sensor_Board.c:122:5:main	200	static
