C:\Users\mrankin\OneDrive\NXP_Workspace\MCXA154VFT_ST7789_Sensor_Board\drivers/fsl_clock.h:672:20:CLOCK_EnableClock	32	static
C:\Users\mrankin\OneDrive\NXP_Workspace\MCXA154VFT_ST7789_Sensor_Board\drivers/fsl_gpio.h:346:20:GPIO_PinWrite	24	static
../source/st7789_lpspi.c:48:13:delay_ms	16	static
../source/st7789_lpspi.c:55:13:ST7789_SpiWrite	32	static
../source/st7789_lpspi.c:66:13:ST7789_WriteCommand	16	static
../source/st7789_lpspi.c:74:13:ST7789_WriteDataBuf	16	static
../source/st7789_lpspi.c:82:13:ST7789_WriteData8	16	static
../source/st7789_lpspi.c:87:13:ST7789_SetAddressWindow	40	static
../source/st7789_lpspi.c:103:6:ST7789_SetRotation	24	static
../source/st7789_lpspi.c:118:6:ST7789_FillRect	176	static
../source/st7789_lpspi.c:158:6:ST7789_FillScreen	24	static
../source/st7789_lpspi.c:163:6:ST7789_DrawPixel	24	static
../source/st7789_lpspi.c:178:6:ST7789_DrawLine	48	static
../source/st7789_lpspi.c:219:6:ST7789_DrawFastHLine	32	static
../source/st7789_lpspi.c:225:6:ST7789_DrawFastVLine	32	static
../source/st7789_lpspi.c:234:13:ST7789_DrawCircleHelper	40	static
../source/st7789_lpspi.c:276:6:ST7789_DrawRoundRect	40	static
../source/st7789_lpspi.c:300:13:ST7789_FillCircleHelper	40	static
../source/st7789_lpspi.c:341:6:ST7789_FillRoundRect	40	static
../source/st7789_lpspi.c:360:6:ST7789_WriteChar	128	static
../source/st7789_lpspi.c:433:6:ST7789_WriteString	48	static
../source/st7789_lpspi.c:465:13:ST7789_LpspiInit	40	static
../source/st7789_lpspi.c:496:13:ST7789_GpioInit	16	static
../source/st7789_lpspi.c:516:6:ST7789_Init	64	static
