C:\Users\mrankin\OneDrive\NXP_Workspace\MCXA154VFT_I2C_Scanner\CMSIS/core_cm33.h:2358:22:__NVIC_EnableIRQ	16	static
../drivers/fsl_clock.h:672:20:CLOCK_EnableClock	32	static
../drivers/fsl_clock.h:710:20:CLOCK_DisableClock	32	static
../drivers/fsl_reset.h:240:20:RESET_ReleasePeripheralReset	16	static
../drivers/fsl_common_arm.h:678:24:EnableIRQ	24	static
../drivers/fsl_lpi2c.h:579:20:LPI2C_MasterReset	16	static
../drivers/fsl_lpi2c.h:591:20:LPI2C_MasterEnable	16	static
../drivers/fsl_lpi2c.h:615:24:LPI2C_MasterGetStatusFlags	16	static
../drivers/fsl_lpi2c.h:640:20:LPI2C_MasterClearStatusFlags	16	static
../drivers/fsl_lpi2c.h:662:20:LPI2C_MasterEnableInterrupts	16	static
../drivers/fsl_lpi2c.h:677:20:LPI2C_MasterDisableInterrupts	16	static
../drivers/fsl_lpi2c.h:689:24:LPI2C_MasterGetEnabledInterrupts	16	static
../drivers/fsl_lpi2c.h:753:20:LPI2C_MasterSetWatermarks	24	static
../drivers/fsl_lpi2c.h:767:20:LPI2C_MasterGetFifoCounts	24	static
../drivers/fsl_lpi2c.h:1076:20:LPI2C_SlaveReset	16	static
../drivers/fsl_lpi2c.h:1088:20:LPI2C_SlaveEnable	16	static
../drivers/fsl_lpi2c.h:1112:24:LPI2C_SlaveGetStatusFlags	16	static
../drivers/fsl_lpi2c.h:1134:20:LPI2C_SlaveClearStatusFlags	16	static
../drivers/fsl_lpi2c.h:1155:20:LPI2C_SlaveEnableInterrupts	16	static
../drivers/fsl_lpi2c.h:1170:20:LPI2C_SlaveDisableInterrupts	16	static
../drivers/fsl_lpi2c.c:242:10:LPI2C_GetInstance	24	static
../drivers/fsl_lpi2c.c:265:17:LPI2C_GetCyclesForWidth	40	static
../drivers/fsl_lpi2c.c:306:10:LPI2C_MasterCheckAndClearError	24	static
../drivers/fsl_lpi2c.c:373:17:LPI2C_MasterWaitForTxReady	32	static
../drivers/fsl_lpi2c.c:421:10:LPI2C_CheckForBusyBus	24	static
../drivers/fsl_lpi2c.c:462:6:LPI2C_MasterGetDefaultConfig	16	static
../drivers/fsl_lpi2c.c:495:6:LPI2C_MasterInit	56	static
../drivers/fsl_lpi2c.c:600:6:LPI2C_MasterDeinit	24	static
../drivers/fsl_lpi2c.c:625:6:LPI2C_MasterConfigureDataMatch	24	static
../drivers/fsl_lpi2c.c:656:6:LPI2C_MasterSetBaudRate	64	static
../drivers/fsl_lpi2c.c:795:10:LPI2C_MasterStart	24	static
../drivers/fsl_lpi2c.c:836:10:LPI2C_MasterStop	24	static
../drivers/fsl_lpi2c.c:897:10:LPI2C_MasterReceive	40	static
../drivers/fsl_lpi2c.c:999:10:LPI2C_MasterSend	32	static
../drivers/fsl_lpi2c.c:1038:10:LPI2C_MasterTransferBlocking	48	static
../drivers/fsl_lpi2c.c:1176:6:LPI2C_MasterTransferCreateHandle	32	static
../drivers/fsl_lpi2c.c:1215:17:LPI2C_TransferStateMachineSendCommand	32	static
../drivers/fsl_lpi2c.c:1301:13:LPI2C_TransferStateMachineReadCommand	24	static
../drivers/fsl_lpi2c.c:1326:13:LPI2C_TransferStateMachineTransferData	24	static
../drivers/fsl_lpi2c.c:1369:13:LPI2C_TransferStateMachineStopState	24	static
../drivers/fsl_lpi2c.c:1400:13:LPI2C_TransferStateMachineWaitState	24	static
../drivers/fsl_lpi2c.c:1439:17:LPI2C_RunTransferStateMachine	48	static
../drivers/fsl_lpi2c.c:1527:13:LPI2C_InitTransferStateMachine	40	static
../drivers/fsl_lpi2c.c:1600:10:LPI2C_MasterTransferNonBlocking	40	static
../drivers/fsl_lpi2c.c:1666:10:LPI2C_MasterTransferGetCount	40	static
../drivers/fsl_lpi2c.c:1732:6:LPI2C_MasterTransferAbort	16	static
../drivers/fsl_lpi2c.c:1762:6:LPI2C_MasterTransferHandleIRQ	40	static
../drivers/fsl_lpi2c.c:1832:6:LPI2C_SlaveGetDefaultConfig	16	static
../drivers/fsl_lpi2c.c:1871:6:LPI2C_SlaveInit	48	static
../drivers/fsl_lpi2c.c:1959:6:LPI2C_SlaveDeinit	24	static
../drivers/fsl_lpi2c.c:1986:17:LPI2C_SlaveCheckAndClearError	24	static
../drivers/fsl_lpi2c.c:2030:10:LPI2C_SlaveSend	40	static
../drivers/fsl_lpi2c.c:2121:10:LPI2C_SlaveReceive	40	static
../drivers/fsl_lpi2c.c:2219:6:LPI2C_SlaveTransferCreateHandle	32	static
../drivers/fsl_lpi2c.c:2281:10:LPI2C_SlaveTransferNonBlocking	32	static
../drivers/fsl_lpi2c.c:2345:10:LPI2C_SlaveTransferGetCount	32	static
../drivers/fsl_lpi2c.c:2378:6:LPI2C_SlaveTransferAbort	16	static
../drivers/fsl_lpi2c.c:2406:6:LPI2C_SlaveTransferHandleIRQ	24	static
../drivers/fsl_lpi2c.c:2565:13:LPI2C_CommonIRQHandler	16	static
../drivers/fsl_lpi2c.c:2583:6:LPI2C_DriverIRQHandler	16	static
../drivers/fsl_lpi2c.c:2614:6:LPI2C0_DriverIRQHandler	8	static
../drivers/fsl_lpi2c.c:2638:6:LPI2C1_DriverIRQHandler	8	static
../drivers/fsl_lpi2c.c:2648:6:LPI2C2_DriverIRQHandler	8	static
../drivers/fsl_lpi2c.c:2657:6:LPI2C3_DriverIRQHandler	8	static
